{
 "steps": 30,
 "wall_s": 3.6627538204193115,
 "bodies": [
  "go2"
 ],
 "n_rows": 11525,
 "n_train_rows": 11020,
 "n_heldout_rows": 505,
 "latent_space_version": "legged-ls-provenance_smoke_rep_go2",
 "eval": {
  "split": "held_out_episodes",
  "realize_mse": 1.2141695111989974,
  "zero_action_mse": 1.414165762066841,
  "probes": {
   "contact_acc": 0.74305419921875,
   "contact_swing_acc": 0.0,
   "goal_err": 0.4175992142649928,
   "disp_xy_err": 0.49367071241140364,
   "disp_yaw_err": 0.21999475881457328,
   "subtask_acc": 0.35712890625,
   "fall_acc": 1.0
  },
  "probes_shuffled_z": {
   "contact_acc": 0.74305419921875,
   "contact_swing_acc": 0.0,
   "goal_err": 0.4137143083447405,
   "disp_xy_err": 0.5262765437364578,
   "disp_yaw_err": 0.217150092497468,
   "subtask_acc": 0.35712890625,
   "fall_acc": 1.0
  }
 }
}
Traceback (most recent call last):
  File "<frozen runpy>", line 198, in _run_module_as_main
  File "<frozen runpy>", line 88, in _run_code
  File "/home/brandonin/work/rrp-wt/provenance/src/rrp/learning/legged_latent_train.py", line 485, in <module>
    main()
  File "/home/brandonin/work/rrp-wt/provenance/src/rrp/learning/legged_latent_train.py", line 480, in main
    res = fn(cfg, Path(a.out))
          ^^^^^^^^^^^^^^^^^^^^
  File "/home/brandonin/work/rrp-wt/provenance/src/rrp/learning/legged_latent_train.py", line 399, in train_flow
    sch = torch.optim.lr_scheduler.OneCycleLR(opt, max_lr=lr, total_steps=steps, pct_start=0.05)
          ^^^^^^^^^^^^^^^^^^^^^^^^^^^^^^^^^^^^^^^^^^^^^^^^^^^^^^^^^^^^^^^^^^^^^^^^^^^^^^^^^^^^^^
  File "/home/brandonin/work/relational-robot-policy/.venv/lib/python3.12/site-packages/torch/optim/lr_scheduler.py", line 2520, in __init__
    super().__init__(optimizer, last_epoch)
  File "/home/brandonin/work/relational-robot-policy/.venv/lib/python3.12/site-packages/torch/optim/lr_scheduler.py", line 174, in __init__
    self._initial_step()
  File "/home/brandonin/work/relational-robot-policy/.venv/lib/python3.12/site-packages/torch/optim/lr_scheduler.py", line 180, in _initial_step
    self.step()
  File "/home/brandonin/work/relational-robot-policy/.venv/lib/python3.12/site-packages/torch/optim/lr_scheduler.py", line 282, in step
    self._update_lr(epoch)
  File "/home/brandonin/work/relational-robot-policy/.venv/lib/python3.12/site-packages/torch/optim/lr_scheduler.py", line 288, in _update_lr
    values = self.get_lr()
             ^^^^^^^^^^^^^
  File "/home/brandonin/work/relational-robot-policy/.venv/lib/python3.12/site-packages/torch/optim/lr_scheduler.py", line 2586, in get_lr
    pct = (step_num - start_step) / (end_step - start_step)
          ~~~~~~~~~~~~~~~~~~~~~~~~^~~~~~~~~~~~~~~~~~~~~~~~~
ZeroDivisionError: float division by zero
[rrp.child] lease=1790472845_291b5d rc=1 stopped_by=None heartbeats=6
{"lease_id": "1790472845_291b5d", "unit": "rrp-job-1790472845_291b5d.service", "log": "/home/brandonin/work/relational-robot-policy/ops/logs/1790472845_291b5d_provenance_smoke_legged_train.log", "returncode": 1, "unit_result": "exit-code", "exec_status": "1"}
