{"body": "hexapod6", "seed": 10008, "source": "learned:legged_fixrep_flow_fixsem_hexapod6_s2/snap_s4000.pt", "edit": "halt", "success": false, "fell": false, "sim_time": 8.099999999999374, "failure_stage": "drift_a"}
{
 "hexapod6": {
  "n": 1,
  "success": 0,
  "fell": 0,
  "stages": {
   "drift_a": 1
  },
  "seeds": "10008",
  "mean_sim_time": 8.099999999999374,
  "packet_probes": {
   "subtask": 1.0,
   "contact": 0.8333333333333334,
   "goal_err": 0.060279839144070396,
   "disp_yaw_err": 0.04596865078201651,
   "disp_xy_err": 0.008157903463164732
  }
 }
}
