1790984228 0,57,208,5.37 |  | 79815184
1790984230 0,57,208,5.46 |  | 79152744
1790984232 0,58,2437,13.95 | 2824717,1937; | 76207360
1790984234 95,64,2528,49.59 | 2824717,3369; | 73947740
1790984236 94,65,2470,45.82 | 2824717,3919; | 72883424
1790984238 93,66,2528,52.35 | 2824717,3919; | 72744696
1790984240 95,67,2528,50.28 | 2824717,3921; | 72761372
1790984242 94,68,2528,50.08 | 2824717,3921; | 70710580
1790984244 94,68,2528,48.69 | 2824717,3921;2825177,1616; | 66919444
1790984246 29,64,2405,25.96 | 2824717,3921;2825177,2215; | 61846968
1790984248 96,73,2489,79.12 | 2825177,3443; | 66040136
1790984250 96,73,2496,73.33 | 2825177,3443;2828057,3540; | 61694224
1790984252 95,75,2470,74.60 | 2825177,3443;2828057,6411; | 57878872
1790984254 95,70,2535,40.44 | 2825177,3443;2828057,6415; | 57644232
1790984256 95,70,2535,40.17 | 2825177,3443;2828057,6415; | 57462100
1790984259 96,74,2502,63.39 | 2825177,3443;2828057,6415; | 60546032
1790984261 95,75,2502,63.40 | 2825177,3443;2828057,6415; | 60586904
1790984263 95,76,2489,71.67 | 2825177,3443;2828057,6903; | 59695552
1790984265 96,76,2502,64.93 | 2825177,3443;2828057,7099; | 59551972
1790984267 96,76,2502,64.38 | 2825177,3443;2828057,7099; | 59627052
1790984269 96,74,2515,41.28 | 2825177,3443;2828057,7099; | 59573596
1790984271 96,73,2515,41.47 | 2825177,3443;2828057,7099; | 59423304
1790984273 96,73,2515,43.39 | 2825177,3443;2828057,7099; | 59259316
1790984275 96,73,2515,41.12 | 2825177,3443;2828057,7099; | 59139196
1790984277 96,73,2515,40.92 | 2825177,3443;2828057,7099; | 58848620
1790984279 96,73,2515,42.71 | 2825177,3443;2828057,7099; | 58648500
1790984281 96,75,2515,48.52 | 2825177,3495;2828057,7099; | 59947924
1790984283 94,77,2502,58.78 | 2825177,3653;2828057,7099; | 59332344
1790984285 96,77,2502,60.77 | 2825177,3653;2828057,7099; | 59300864
1790984288 96,77,2502,61.03 | 2825177,3653;2828057,7099; | 59276828
1790984290 96,79,2496,64.44 | 2825177,3653;2828057,7099; | 59240868
1790984292 96,79,2502,63.98 | 2825177,3653;2828057,7099; | 59279548
1790984294 96,76,2515,43.45 | 2825177,3659;2828057,7099; | 59238804
1790984296 96,76,2515,42.62 | 2825177,3659;2828057,7099; | 59063376
1790984298 95,76,2515,42.56 | 2825177,3659;2828057,7099; | 58897364
1790984300 94,72,2411,21.28 | 2825177,3659;2828057,7099; | 59049420
1790984302 2,71,2405,17.40 | 2825177,3659;2837675,170; | 66993256
1790984304 5,70,2489,19.61 | 2825177,3659;2837675,1905; | 64170472
1790984306 95,74,2509,43.05 | 2825177,3659;2837675,3313; | 62043388
1790984308 92,77,2509,56.48 | 2825177,3659;2837675,3983; | 67619460
1790984310 93,77,2502,56.71 | 2837675,3983; | 73150200
1790984312 93,76,2509,51.53 | 2837675,3983; | 72905988
1790984314 0,71,2405,16.69 | 2840178,1706; | 76361052
1790984316 25,71,2457,37.53 | 2840178,6587;2840215,3476; | 65476188
1790984319 95,75,2515,46.45 | 2840178,6617;2840215,3509; | 64888376
1790984321 93,76,2515,47.36 | 2840178,6617;2840215,6341; | 61506988
1790984323 96,77,2515,50.01 | 2840178,6617;2840215,6341; | 61500000
1790984325 95,78,2515,50.06 | 2840178,6617;2840215,6341; | 61540652
1790984327 94,78,2509,51.14 | 2840178,6617;2840215,6835; | 60743268
1790984329 95,78,2515,50.41 | 2840178,6617;2840215,7015; | 60551004
1790984331 94,78,2515,50.60 | 2840178,6617;2840215,7015; | 60618528
1790984333 95,78,2502,52.50 | 2840178,6617;2840215,7021; | 60654292
1790984335 96,77,2515,50.25 | 2840178,6617;2840215,7021; | 60710548
1790984337 96,78,2515,50.12 | 2840178,6617;2840215,7021; | 60755888
1790984339 95,78,2502,53.43 | 2840178,6617;2840215,7021; | 60765076
1790984342 96,77,2515,49.99 | 2840178,6617;2840215,7021; | 60789144
1790984344 96,77,2515,50.01 | 2840178,6617;2840215,7021; | 60839388
1790984346 95,77,2502,53.01 | 2840178,6617;2840215,7021; | 60838284
1790984348 94,76,2515,50.14 | 2840178,6617;2840215,7021; | 60868932
1790984350 96,75,2515,49.94 | 2840178,6617;2840215,7021; | 60899404
1790984352 95,76,2502,52.00 | 2840178,6617;2840215,7021; | 60962364
1790984354 94,76,2515,47.68 | 2840178,6617;2840215,7021; | 60989588
1790984356 91,74,2515,44.99 | 2840178,6617; | 70506532
1790984358 96,75,2515,47.57 | 2840178,6617; | 70154468
1790984360 95,75,2515,45.22 | 2840178,6617;2848978,1004; | 68509040
1790984363 95,75,2515,45.84 | 2840178,6617;2848978,1135; | 67907228
1790984365 95,74,2515,47.39 | 2840178,6617;2848978,1875; | 66776224
1790984367 95,74,2515,47.49 | 2840178,6617;2848978,1875; | 66796656
1790984369 94,74,2515,47.19 | 2840178,6617;2848978,2387; | 65977776
1790984371 95,74,2515,48.78 | 2840178,6617;2848978,2423; | 65911472
1790984373 94,74,2515,47.08 | 2840178,6617;2848978,2423; | 65957744
1790984375 96,74,2515,47.11 | 2840178,6617;2848978,2423; | 66002360
1790984377 95,74,2509,48.56 | 2840178,6617;2848978,2423; | 66002616
1790984379 94,74,2509,46.83 | 2840178,6617;2848978,2423; | 66038960
1790984381 93,73,2515,46.89 | 2840178,6617;2848978,2423; | 66033844
1790984383 92,73,2515,47.01 | 2840178,6617;2848978,2423; | 66148964
1790984386 95,73,2515,46.96 | 2840178,6617; | 70461432
1790984388 96,73,2515,46.54 | 2840178,6617;2853381,11; | 69973832
1790984390 96,73,2515,44.24 | 2840178,6617;2853381,1102; | 68537296
1790984392 93,74,2515,45.48 | 2840178,6617;2853381,1135; | 67989048
1790984394 96,73,2515,46.31 | 2840178,6617;2853381,1875; | 66832616
1790984396 93,74,2509,47.52 | 2840178,6617;2853381,2457; | 65886568
1790984398 93,74,2515,47.75 | 2840178,6617;2853381,2459; | 65916428
1790984400 94,74,2509,47.07 | 2840178,6617;2853381,2459; | 65930008
1790984402 93,74,2515,46.22 | 2840178,6617;2853381,2459; | 65952008
1790984404 93,74,2515,47.12 | 2840178,6617;2853381,2459; | 65977460
1790984406 92,74,2515,47.10 | 2840178,6617;2853381,2459; | 67067860
1790984409 96,74,2515,47.05 | 2840178,6617; | 70412056
1790984411 93,75,2515,45.52 | 2840178,6617;2858828,300; | 69551036
1790984413 95,74,2515,46.55 | 2840178,6617;2858828,1422; | 66981036
1790984415 93,74,2515,45.52 | 2840178,6617;2858828,6831; | 62319496
1790984417 96,74,2515,46.86 | 2840178,6619;2858828,10309; | 57977832
1790984419 96,76,2515,49.09 | 2840178,6619;2858828,12405; | 55924396
1790984421 96,75,2515,49.11 | 2840178,6619;2858828,12405; | 55930788
1790984424 96,75,2515,48.84 | 2840178,6619;2858828,12405; | 55962656
1790984426 94,75,2515,49.11 | 2840178,6619;2858828,12405; | 55961916
1790984428 95,76,2515,49.10 | 2840178,6619;2858828,12405; | 55959300
1790984430 96,76,2515,49.18 | 2840178,6619;2858828,12405; | 55953296
1790984432 96,76,2515,49.23 | 2840178,6619;2858828,12405; | 55956184
1790984434 95,76,2515,49.34 | 2840178,6619;2858828,12405; | 56011236
1790984436 96,76,2515,49.24 | 2840178,6619;2858828,12405; | 56052164
1790984438 96,77,2515,49.38 | 2840178,6619;2858828,12405; | 56104336
1790984440 95,77,2502,51.00 | 2840178,6619;2858828,12835; | 55276524
1790984442 95,77,2502,51.79 | 2840178,6619;2858828,13207; | 54871064
1790984444 96,76,2515,49.46 | 2840178,6619;2858828,13211; | 54854788
1790984447 96,76,2515,49.07 | 2840178,6619;2858828,13211; | 54911596
1790984449 95,77,2515,49.37 | 2840178,6619;2858828,13211; | 54904468
1790984451 95,76,2515,49.17 | 2840178,6619;2858828,13211; | 54952080
1790984453 95,77,2515,49.60 | 2840178,6619;2858828,13211; | 54980528
1790984455 95,76,2515,49.36 | 2840178,6619;2858828,13211; | 54987276
1790984457 96,75,2515,49.61 | 2840178,6619;2858828,13211; | 54986772
1790984459 94,76,2515,48.88 | 2840178,6619;2858828,13211; | 55019680
1790984461 95,76,2515,49.46 | 2840178,6619;2858828,13211; | 55033436
1790984463 95,77,2502,52.81 | 2840178,6619;2858828,13211; | 55012680
1790984465 95,76,2515,50.28 | 2840178,6619;2858828,13211; | 54975392
1790984467 95,76,2515,49.51 | 2840178,6619;2858828,13211; | 54954060
1790984470 96,75,2515,49.28 | 2840178,6619;2858828,13211; | 54994988
1790984472 96,76,2515,49.18 | 2840178,6619;2858828,13211; | 54993188
1790984474 96,76,2515,49.04 | 2840178,6619;2858828,13211; | 55020716
1790984476 96,75,2515,49.04 | 2840178,6619;2858828,13211; | 55024324
1790984478 96,74,2515,48.90 | 2840178,6619;2858828,13211; | 55052684
1790984480 96,75,2515,48.44 | 2840178,6619;2858828,13211; | 55045160
1790984482 96,75,2515,48.81 | 2840178,6619;2858828,13211; | 55056772
1790984484 96,74,2515,48.77 | 2840178,6619;2858828,13211; | 55026328
1790984486 95,76,2502,52.32 | 2840178,6619;2858828,13211; | 55018080
1790984488 96,74,2515,49.33 | 2840178,6619;2858828,13211; | 55022808
1790984490 96,75,2515,48.58 | 2840178,6619;2858828,13211; | 55037544
1790984493 95,73,2515,48.64 | 2840178,6619;2858828,13211; | 55026112
1790984495 96,74,2515,48.59 | 2840178,6619;2858828,13211; | 55029700
1790984497 96,74,2515,48.64 | 2840178,6619;2858828,13211; | 54994620
1790984499 95,75,2515,48.69 | 2840178,6619;2858828,13211; | 54988896
1790984501 95,74,2515,48.74 | 2840178,6619;2858828,13211; | 54986496
1790984503 96,74,2515,48.90 | 2840178,6619;2858828,13211; | 55014548
1790984505 95,74,2515,48.41 | 2840178,6619;2858828,13211; | 55011588
1790984507 95,74,2515,48.33 | 2840178,6619;2858828,13211; | 55002600
1790984509 95,74,2502,51.63 | 2840178,6619;2858828,13211; | 55003400
1790984511 95,73,2515,49.72 | 2840178,6619;2858828,13211; | 55005784
1790984513 95,74,2515,48.37 | 2840178,6619;2858828,13211; | 55020076
1790984516 95,74,2515,48.33 | 2840178,6619;2858828,13211; | 55011756
1790984518 96,73,2515,48.36 | 2840178,6619;2858828,13211; | 55013124
1790984520 96,74,2515,48.22 | 2840178,6619;2858828,13211; | 55024908
1790984522 96,73,2515,47.83 | 2840178,6619;2858828,13211; | 55002904
1790984524 96,73,2515,48.24 | 2840178,6619;2858828,13211; | 55013200
1790984526 96,74,2515,48.31 | 2840178,6619;2858828,13211; | 54994436
1790984528 95,72,2515,48.05 | 2840178,6619;2858828,13211; | 54981576
1790984530 96,73,2515,48.16 | 2840178,6619;2858828,13211; | 54978392
1790984532 95,74,2502,51.70 | 2840178,6619;2858828,13211; | 54972860
1790984534 95,72,2515,47.69 | 2840178,6619;2858828,13211; | 55007532
1790984536 93,72,2515,46.49 | 2840178,6619;2858828,13211; | 55049172
1790984539 95,72,2528,43.74 | 2840178,6619; | 70759572
1790984541 93,73,2515,46.77 | 2840178,6619; | 70510192
1790984543 95,72,2522,45.08 | 2840178,6619;2882469,430; | 69403416
1790984545 93,72,2515,44.75 | 2840178,6619;2882469,2858; | 66556832
1790984547 93,72,2528,43.90 | 2840178,6619;2882469,6701; | 62659392
1790984549 93,72,2522,46.12 | 2840178,6619;2882469,10149; | 58276768
1790984552 94,72,2515,49.14 | 2840178,6619;2882469,12249; | 56171072
1790984554 96,73,2515,48.77 | 2840178,6619;2882469,12249; | 56184384
1790984556 96,72,2515,48.91 | 2840178,6619;2882469,12249; | 56163868
1790984558 96,73,2522,48.37 | 2840178,6619;2882469,12249; | 56175064
1790984560 96,72,2515,48.62 | 2840178,6619;2882469,12249; | 56224060
1790984562 95,72,2502,51.49 | 2840178,6619;2882469,12675; | 55467400
1790984564 96,72,2515,48.79 | 2840178,6619;2882469,13127; | 55014024
1790984566 96,72,2515,48.47 | 2840178,6619;2882469,13129; | 55015772
1790984568 96,73,2515,48.71 | 2840178,6619;2882469,13129; | 54993140
1790984570 94,72,2515,48.66 | 2840178,6619;2882469,13129; | 55041100
1790984572 95,72,2515,48.73 | 2840178,6619;2882469,13129; | 55020104
1790984575 95,72,2502,51.57 | 2840178,6619;2882469,13131; | 54992892
1790984577 95,73,2515,48.60 | 2840178,6619;2882469,13131; | 55005320
1790984579 95,72,2515,48.61 | 2840178,6619;2882469,13131; | 54990572
1790984581 96,72,2515,48.82 | 2840178,6619;2882469,13131; | 55006316
1790984583 94,73,2515,48.52 | 2840178,6619;2882469,13131; | 54986536
1790984585 94,72,2515,48.46 | 2840178,6619;2882469,13131; | 55018532
1790984587 94,72,2502,51.63 | 2840178,6619;2882469,13131; | 55009160
1790984589 96,72,2515,48.38 | 2840178,6619;2882469,13131; | 54998852
1790984591 95,72,2515,47.99 | 2840178,6619;2882469,13131; | 54988636
1790984593 95,72,2515,48.46 | 2840178,6619;2882469,13131; | 54977996
1790984595 95,72,2515,48.63 | 2840178,6619;2882469,13131; | 55018392
1790984598 95,72,2515,48.54 | 2840178,6619;2882469,13131; | 55041344
1790984600 95,72,2502,51.51 | 2840178,6619;2882469,13131; | 55038500
1790984602 95,72,2515,48.44 | 2840178,6619;2882469,13131; | 54982520
1790984604 96,72,2515,48.75 | 2840178,6619;2882469,13131; | 54981788
1790984606 96,72,2515,49.00 | 2840178,6619;2882469,13131; | 54984208
1790984608 96,72,2515,48.59 | 2840178,6619;2882469,13131; | 54973092
1790984610 94,73,2515,49.31 | 2840178,6619;2882469,13131; | 54980644
1790984612 94,73,2502,51.25 | 2840178,6619;2882469,13131; | 55042544
1790984614 95,73,2515,46.31 | 2840178,6619;2882469,13131; | 55044108
1790984616 96,73,2522,45.17 | 2840178,6619;2882469,13131; | 57160412
1790984619 95,72,2515,46.34 | 2840178,6619; | 70568324
1790984621 89,71,2522,45.41 | 2840178,6619; | 69991728
1790984623 94,71,2528,44.53 | 2840178,6619;2897192,3602; | 65748576
1790984625 93,71,2528,45.62 | 2840178,6619;2897192,3602; | 65712856
1790984627 95,72,2528,45.10 | 2840178,6619;2897192,3637; | 65253288
1790984629 93,75,2515,66.73 | 2840178,6619;2897192,6715; | 61721728
1790984631 96,72,2515,49.23 | 2840178,6619;2897192,6741; | 61584512
1790984633 96,73,2515,49.37 | 2840178,6619;2897192,6741; | 61593856
1790984635 95,72,2515,48.47 | 2840178,6619;2897192,7235; | 60891928
1790984637 95,73,2515,49.44 | 2840178,6619;2897192,7303; | 60697088
1790984639 95,73,2515,49.06 | 2840178,6619;2897192,7303; | 60746200
1790984642 95,73,2515,48.94 | 2840178,6619;2897192,7303; | 60744788
1790984644 96,73,2515,49.07 | 2840178,6619;2897192,7303; | 60758512
1790984646 96,74,2515,48.68 | 2840178,6619;2897192,7303; | 60758412
1790984648 95,74,2515,49.03 | 2840178,6619;2897192,7303; | 60788964
1790984650 95,75,2515,49.35 | 2840178,6619;2897192,7303; | 60818008
1790984652 96,75,2515,49.71 | 2840178,6619;2897192,7303; | 60824188
1790984654 96,75,2515,49.49 | 2840178,6619;2897192,7303; | 60855416
1790984656 95,75,2509,51.25 | 2840178,6619;2897192,7303; | 60869824
1790984658 95,75,2515,49.62 | 2840178,6619;2897192,7303; | 60876120
1790984660 95,75,2515,49.94 | 2840178,6619;2897192,7303; | 60930812
1790984662 95,76,2502,51.36 | 2840178,6619;2897192,7303; | 60967872
1790984665 92,75,2515,47.66 | 2840178,6619;2897192,7303; | 60983176
1790984667 95,75,2515,45.61 | 2840178,6619; | 70842896
1790984669 93,76,2515,47.77 | 2840178,6619; | 70422264
1790984671 93,75,2515,46.26 | 2840178,6619;2904955,334; | 69391772
1790984673 93,75,2515,46.63 | 2840178,6619;2904955,6954; | 62110324
1790984675 93,76,2515,47.06 | 2840178,6619;2904955,6991; | 61526052
1790984677 96,77,2515,48.62 | 2840178,6619;2904955,13147; | 54696080
1790984679 96,76,2515,51.51 | 2840178,6619;2904955,13147; | 54715956
1790984682 96,76,2515,51.55 | 2840178,6619;2904955,13149; | 54698708
1790984684 95,76,2515,51.33 | 2840178,6619;2904955,13149; | 54717500
1790984686 94,77,2515,51.38 | 2840178,6619;2904955,13149; | 54745756
1790984688 95,77,2515,51.49 | 2840178,6619;2904955,13149; | 54793176
1790984690 95,78,2502,52.61 | 2840178,6619;2904955,13631; | 53946612
1790984692 95,77,2515,51.51 | 2840178,6619;2904955,13839; | 53645488
1790984694 96,77,2515,51.47 | 2840178,6619;2904955,13839; | 53735496
1790984696 96,76,2515,51.28 | 2840178,6619;2904955,13839; | 53753336
1790984698 95,77,2515,51.01 | 2840178,6619;2904955,13839; | 53769756
1790984700 95,77,2515,51.29 | 2840178,6619;2904955,13839; | 53803672
1790984702 95,76,2502,53.07 | 2840178,6619;2904955,13839; | 53779496
1790984705 95,77,2515,50.98 | 2840178,6619;2904955,13839; | 53821776
1790984707 96,77,2515,51.21 | 2840178,6619;2904955,13839; | 53810276
1790984709 96,76,2515,50.78 | 2840178,6619;2904955,13839; | 53844012
1790984711 96,77,2515,51.33 | 2840178,6619;2904955,13839; | 53861796
1790984713 95,77,2515,51.26 | 2840178,6619;2904955,13839; | 53903496
1790984715 95,77,2502,53.16 | 2840178,6619;2904955,13839; | 53911364
1790984717 96,78,2515,51.19 | 2840178,6619;2904955,13839; | 53927628
1790984719 96,77,2515,51.35 | 2840178,6619;2904955,13839; | 53962636
1790984721 96,78,2515,51.56 | 2840178,6619;2904955,13839; | 53942356
1790984723 94,77,2515,51.38 | 2840178,6619;2904955,13839; | 53998216
1790984725 96,77,2515,51.28 | 2840178,6619;2904955,13839; | 54016800
1790984728 95,78,2502,53.42 | 2840178,6619;2904955,13839; | 54005800
1790984730 94,77,2515,51.65 | 2840178,6619;2904955,13839; | 54032632
1790984732 95,78,2515,51.40 | 2840178,6619;2904955,13839; | 54041124
1790984734 95,77,2515,51.41 | 2840178,6619;2904955,13839; | 54038192
1790984736 95,78,2515,51.76 | 2840178,6619;2904955,13839; | 53990492
1790984738 94,77,2515,51.56 | 2840178,6619;2904955,13839; | 54016380
1790984740 95,77,2502,53.70 | 2840178,6619;2904955,13839; | 54047300
1790984742 96,77,2515,48.23 | 2840178,6619;2904955,13839; | 54125136
1790984744 94,76,2515,45.49 | 2840178,6619; | 70880748
1790984747 94,77,2515,48.60 | 2840178,6619; | 70502580
1790984749 93,76,2515,47.15 | 2840178,6619;2918801,170; | 69797316
1790984751 88,77,2515,46.81 | 2840178,6619;2918801,1454; | 68043612
1790984753 95,77,2515,47.65 | 2840178,6619;2918801,13578; | 55347352
1790984755 96,77,2515,47.30 | 2840178,6619;2918801,13637; | 54814336
1790984757 93,77,2515,47.85 | 2840178,6619;2918801,22763; | 44878004
1790984760 95,78,2515,51.84 | 2840178,6619;2918801,25867; | 41767028
1790984762 95,78,2515,52.59 | 2840178,6619;2918801,25867; | 41774532
1790984764 96,79,2515,52.44 | 2840178,6619;2918801,25867; | 41811492
1790984766 96,78,2515,52.19 | 2840178,6619;2918801,25867; | 41836900
1790984768 96,78,2515,51.92 | 2840178,6619;2918801,25867; | 41841380
1790984770 95,77,2515,52.09 | 2840178,6619;2918801,25867; | 41810508
1790984772 96,78,2515,52.22 | 2840178,6619;2918801,25869; | 41821508
1790984774 96,78,2515,52.50 | 2840178,6619;2918801,25869; | 41884828
1790984777 95,78,2515,52.55 | 2840178,6619;2918801,25869; | 41882720
1790984779 95,78,2515,52.57 | 2840178,6619;2918801,25869; | 41880372
1790984781 94,78,2515,52.22 | 2840178,6619;2918801,25869; | 41876608
1790984783 95,78,2502,53.44 | 2840178,6619;2918801,26299; | 41111636
1790984785 96,78,2515,52.23 | 2840178,6619;2918801,26697; | 40818276
1790984787 96,79,2515,51.60 | 2840178,6619;2918801,26699; | 40714780
1790984789 96,77,2515,52.03 | 2840178,6619;2918801,26699; | 40699308
1790984791 96,78,2515,52.31 | 2840178,6619;2918801,26699; | 40706516
1790984793 96,78,2515,52.28 | 2840178,6619;2918801,26699; | 40711928
1790984795 96,78,2515,52.49 | 2840178,6619;2918801,26699; | 40684560
1790984797 95,78,2515,52.59 | 2840178,6619;2918801,26699; | 40667888
1790984800 96,79,2515,52.52 | 2840178,6619;2918801,26699; | 40688088
1790984802 96,78,2515,52.54 | 2840178,6619;2918801,26699; | 40695220
1790984804 94,77,2515,52.13 | 2840178,6619;2918801,26699; | 40715736
1790984806 95,79,2515,52.24 | 2840178,6619;2918801,26699; | 40765208
1790984808 95,79,2502,53.62 | 2840178,6619;2918801,26699; | 40754628
1790984810 95,78,2515,52.37 | 2840178,6619;2918801,26699; | 40752112
1790984812 95,79,2515,52.38 | 2840178,6619;2918801,26699; | 40715384
1790984814 96,79,2515,52.28 | 2840178,6619;2918801,26699; | 40717168
1790984816 96,78,2515,52.13 | 2840178,6619;2918801,26699; | 40713920
1790984818 96,79,2515,52.55 | 2840178,6619;2918801,26699; | 40717480
1790984820 96,78,2515,52.32 | 2840178,6619;2918801,26699; | 40715632
1790984823 96,78,2515,52.40 | 2840178,6619;2918801,26699; | 40686340
1790984825 95,79,2515,52.37 | 2840178,6619;2918801,26699; | 40679272
1790984827 95,79,2515,52.34 | 2840178,6619;2918801,26699; | 40651316
1790984829 96,79,2515,52.41 | 2840178,6619;2918801,26699; | 40700052
1790984831 95,78,2502,53.34 | 2840178,6619;2918801,26699; | 40683600
1790984833 95,79,2502,53.42 | 2840178,6619;2918801,26699; | 40714188
1790984835 95,79,2515,52.57 | 2840178,6619;2918801,26699; | 40702560
1790984837 95,79,2515,52.50 | 2840178,6619;2918801,26699; | 40723936
1790984839 96,79,2515,52.50 | 2840178,6619;2918801,26699; | 40757000
1790984841 96,79,2515,52.28 | 2840178,6619;2918801,26699; | 40734504
1790984843 96,79,2515,52.54 | 2840178,6619;2918801,26699; | 40739712
1790984846 95,79,2515,52.60 | 2840178,6619;2918801,26699; | 40765868
1790984848 96,79,2515,52.72 | 2840178,6619;2918801,26699; | 40758532
1790984850 96,79,2515,52.71 | 2840178,6619;2918801,26699; | 40756480
1790984852 96,78,2515,52.56 | 2840178,6619;2918801,26699; | 40721080
1790984854 96,79,2515,52.29 | 2840178,6619;2918801,26699; | 40681376
1790984856 95,79,2502,54.06 | 2840178,6619;2918801,26699; | 40703152
1790984858 96,78,2509,52.76 | 2840178,6619;2918801,26699; | 40693512
1790984860 96,78,2515,52.79 | 2840178,6619;2918801,26699; | 40688768
1790984862 95,79,2515,52.81 | 2840178,6619;2918801,26699; | 40715820
1790984864 96,79,2515,52.79 | 2840178,6619;2918801,26699; | 40718192
1790984867 96,79,2515,52.82 | 2840178,6619;2918801,26699; | 40729076
1790984869 96,79,2515,52.75 | 2840178,6619;2918801,26699; | 40719216
1790984871 95,79,2515,52.38 | 2840178,6619;2918801,26699; | 40744508
1790984873 96,79,2515,52.20 | 2840178,6619;2918801,26699; | 40734464
1790984875 96,79,2515,52.28 | 2840178,6619;2918801,26699; | 40702112
1790984877 95,78,2515,52.21 | 2840178,6619;2918801,26699; | 40666708
1790984879 96,79,2515,52.43 | 2840178,6619;2918801,26699; | 40708308
1790984881 95,80,2502,54.00 | 2840178,6619;2918801,26699; | 40693960
1790984883 87,79,2515,47.93 | 2840178,6619;2918801,26699; | 40747888
1790984885 93,77,2515,48.38 | 2840178,6619;2918801,26699; | 41768276
1790984888 95,77,2515,45.63 | 2840178,6619; | 70707624
1790984890 92,78,2515,48.79 | 2840178,6619; | 70521464
1790984892 96,78,2515,47.10 | 2840178,6619;2944756,686; | 69316256
1790984894 95,78,2515,47.51 | 2840178,6619;2944756,697; | 68696668
1790984896 93,78,2515,46.06 | 2840178,6619;2944756,1101; | 67822312
1790984898 95,78,2515,46.57 | 2840178,6619;2944756,1623; | 66909400
1790984900 94,78,2515,46.03 | 2840178,6619;2944756,1623; | 66977260
1790984902 94,77,2515,46.34 | 2840178,6619;2944756,1623; | 66995056
1790984904 95,76,2515,46.01 | 2840178,6619;2944756,1623; | 67024664
1790984906 95,77,2515,47.76 | 2840178,6619;2944756,1623; | 67042428
