{"body": "go2", "seed": 10000, "source": "learned:legged_fixrep_flow_fixsem_go2_s2/snap_s4000.pt", "edit": "halt", "success": false, "fell": false, "sim_time": 8.099999999999374, "failure_stage": "drift_a"}
{
 "go2": {
  "n": 1,
  "success": 0,
  "fell": 0,
  "stages": {
   "drift_a": 1
  },
  "seeds": "10000",
  "mean_sim_time": 8.099999999999374,
  "packet_probes": {
   "subtask": 1.0,
   "contact": 0.8125,
   "goal_err": 0.08844824643150676,
   "disp_yaw_err": 0.029266351184858208,
   "disp_xy_err": 0.028978046379909958
  }
 }
}
