{
 "representation": "artifacts/runs/latent_sem_v1/representation.pt",
 "probe": "artifacts/runs/latent_sem_v1/probe_posthoc.pt",
 "latent_space_version": "ls-8db814f941f5",
 "source": "encoded teacher targets (not generated packets)",
 "embodiment_swap": {
  "pairs": 129,
  "focus_agreement": 0.9534883720930233,
  "subtask_agreement": 1.0,
  "desired_delta_disagreement_m": 0.006826778165960541
 },
 "counterexample": {
  "test": "v2_symmetric_rebind",
  "n": 80,
  "mean_z_dist": 1.5289775582030416,
  "mean_rel_z_dist": 0.047075350132486884,
  "focus_follows": 0.1125,
  "focus_exact_cf": 0.1125,
  "focus_exact_orig": 1.0,
  "focus_argmax_changed": 0.0
 },
 "counterexample_v1": {
  "test": "v1_one_sided",
  "n": 40,
  "mean_z_dist": 1.864487412571907,
  "mean_rel_z_dist": 0.04822704667981052,
  "focus_argmax_changed": 0.0
 }
}
{
 "steps": 6000,
 "wall_s": 1457.7222113609314,
 "metadata_only": false,
 "binding_cf": 0.5,
 "encoded_target": {
  "visible": 0.9754773165177789,
  "visible_pos": 0.9931075816601738,
  "focused_on": 0.9944823962165003,
  "focused_on_pos": 0.991816321891339,
  "held_by": 0.9964091784901034,
  "held_by_pos": 0.9517374517374517,
  "acting_on": 0.9830968645997548,
  "acting_on_pos": 0.8620689655172413,
  "rel_pos_err_m": 0.055680788300421176,
  "desired_delta_err_m": 0.01273975012744657,
  "subtask": 1.0
 },
 "encoded_target_shuffled": {
  "visible": 0.815729549833596,
  "visible_pos": 0.9027070222754969,
  "focused_on": 0.873270275004379,
  "focused_on_pos": 0.8415548988406456,
  "held_by": 0.9240672622175512,
  "held_by_pos": 0.15444015444015444,
  "acting_on": 0.8927132597652829,
  "acting_on_pos": 0.20306513409961685,
  "rel_pos_err_m": 0.3632697584667062,
  "desired_delta_err_m": 0.015577595128259677,
  "subtask": 0.6578125
 },
 "binding_counterfactual": {
  "cf_visible": 0.9755648975302155,
  "cf_visible_pos": 0.9939067026271102,
  "cf_focused_on": 0.5543878087230688,
  "cf_focused_on_pos": 0.42055012502841554,
  "cf_held_by": 0.9966719215274129,
  "cf_held_by_pos": 0.9517374517374517,
  "cf_acting_on": 0.9830968645997548,
  "cf_acting_on_pos": 0.8607918263090677,
  "cf_rel_pos_err_m": 0.056238297218406945,
  "cf_desired_delta_err_m": 0.012741904581129749,
  "cf_subtask": 1.0,
  "cf_rel_z_dist": 0.027831594459712505,
  "cf_focus_follows": 0.0
 },
 "latent_space_version": "ls-8db814f941f5"
}
{
 "representation": "artifacts/runs/latent_sem_v1/representation.pt",
 "probe": "artifacts/runs/binding_v1_reeval/sem_probe_bindcf.pt",
 "latent_space_version": "ls-8db814f941f5",
 "source": "encoded teacher targets (not generated packets)",
 "embodiment_swap": {
  "pairs": 129,
  "focus_agreement": 0.9534883720930233,
  "subtask_agreement": 1.0,
  "desired_delta_disagreement_m": 0.002628000824780577
 },
 "counterexample": {
  "test": "v2_symmetric_rebind",
  "n": 80,
  "n_label_changed": 71,
  "focus_follows_changed": 0.0,
  "mean_z_dist": 1.5289775582030416,
  "mean_rel_z_dist": 0.047075350132486884,
  "focus_follows": 0.1125,
  "focus_exact_cf": 0.1125,
  "focus_exact_orig": 0.95,
  "focus_argmax_changed": 0.0
 },
 "counterexample_v1": {
  "test": "v1_one_sided",
  "n": 40,
  "mean_z_dist": 1.864487412571907,
  "mean_rel_z_dist": 0.04822704667981052,
  "focus_argmax_changed": 0.0
 }
}
{
 "representation": "artifacts/runs/latent_nosem_v1/representation.pt",
 "probe": "artifacts/runs/latent_nosem_v1/probe_posthoc.pt",
 "latent_space_version": "ls-dc6ca4a55d80",
 "source": "encoded teacher targets (not generated packets)",
 "embodiment_swap": {
  "pairs": 129,
  "focus_agreement": 1.0,
  "subtask_agreement": 1.0,
  "desired_delta_disagreement_m": 0.00044975368830135325
 },
 "counterexample": {
  "test": "v2_symmetric_rebind",
  "n": 80,
  "n_label_changed": 71,
  "focus_follows_changed": 0.0,
  "mean_z_dist": 0.051206824311520904,
  "mean_rel_z_dist": 0.009257483102380986,
  "focus_follows": 0.0,
  "focus_exact_cf": 0.0,
  "focus_exact_orig": 0.775,
  "focus_argmax_changed": 0.0
 },
 "counterexample_v1": {
  "test": "v1_one_sided",
  "n": 40,
  "mean_z_dist": 0.09986218116246164,
  "mean_rel_z_dist": 0.017363746715760898,
  "focus_argmax_changed": 0.0
 }
}
[rrp.child] lease=1790363904_b7ef3b rc=-10 stopped_by=disk_below_reserve:393651408896 heartbeats=371
{"lease_id": "1790363904_b7ef3b", "unit": "rrp-job-1790363904_b7ef3b.service", "log": "/home/brandonin/work/relational-robot-policy/ops/logs/1790363904_b7ef3b_binding_v1_reeval.log", "returncode": -10, "unit_result": "exit-code", "exec_status": "1"}
